#
# There is insufficient memory for the Java Runtime Environment to continue.
# Native memory allocation (malloc) failed to allocate 282096 bytes for Chunk::new
# Possible reasons:
#   The system is out of physical RAM or swap space
#   The process is running with CompressedOops enabled, and the Java Heap may be blocking the growth of the native heap
# Possible solutions:
#   Reduce memory load on the system
#   Increase physical memory or swap space
#   Check if swap backing store is full
#   Decrease Java heap size (-Xmx/-Xms)
#   Decrease number of Java threads
#   Decrease Java thread stack sizes (-Xss)
#   Set larger code cache with -XX:ReservedCodeCacheSize=
#   JVM is running with Zero Based Compressed Oops mode in which the Java heap is
#     placed in the first 32GB address space. The Java Heap base address is the
#     maximum limit for the native heap growth. Please use -XX:HeapBaseMinAddress
#     to set the Java Heap base and to place the Java Heap above 32GB virtual address.
# This output file may be truncated or incomplete.
#
#  Out of Memory Error (allocation.cpp:389), pid=11196, tid=0x0000000000000c7c
#
# JRE version: OpenJDK Runtime Environment (Zulu 8.84.0.15-CA-win64) (8.0_442-b06) (build 1.8.0_442-b06)
# Java VM: OpenJDK 64-Bit Server VM (25.442-b06 mixed mode windows-amd64 compressed oops)
# Failed to write core dump. Minidumps are not enabled by default on client versions of Windows
#

---------------  T H R E A D  ---------------

Current thread (0x00000251d64b0000):  JavaThread "C2 CompilerThread1" daemon [_thread_in_native, id=3196, stack(0x000000ecc1f00000,0x000000ecc2000000)]

Stack: [0x000000ecc1f00000,0x000000ecc2000000]
[error occurred during error reporting (printing stack bounds), id 0xc0000005]

Native frames: (J=compiled Java code, j=interpreted, Vv=VM code, C=native code)


Current CompileTask:
C2:   3068 2446       4       org.codehaus.plexus.util.InterpolationFilterReader::read (477 bytes)


---------------  P R O C E S S  ---------------

Java Threads: ( => current thread )
  0x00000251d64a5800 JavaThread "Service Thread" daemon [_thread_blocked, id=26784, stack(0x000000ecc2200000,0x000000ecc2300000)]
  0x00000251d64b6800 JavaThread "C1 CompilerThread3" daemon [_thread_blocked, id=22836, stack(0x000000ecc2100000,0x000000ecc2200000)]
  0x00000251d64b1000 JavaThread "C2 CompilerThread2" daemon [_thread_in_native, id=32080, stack(0x000000ecc2000000,0x000000ecc2100000)]
=>0x00000251d64b0000 JavaThread "C2 CompilerThread1" daemon [_thread_in_native, id=3196, stack(0x000000ecc1f00000,0x000000ecc2000000)]
  0x00000251d64ad000 JavaThread "C2 CompilerThread0" daemon [_thread_in_native, id=33580, stack(0x000000ecc1e00000,0x000000ecc1f00000)]
  0x00000251d64a3000 JavaThread "Monitor Ctrl-Break" daemon [_thread_in_native, id=13372, stack(0x000000ecc1d00000,0x000000ecc1e00000)]
  0x00000251d4710800 JavaThread "Attach Listener" daemon [_thread_blocked, id=25576, stack(0x000000ecc1c00000,0x000000ecc1d00000)]
  0x00000251d46b1000 JavaThread "Signal Dispatcher" daemon [_thread_blocked, id=18928, stack(0x000000ecc1b00000,0x000000ecc1c00000)]
  0x00000251d4696800 JavaThread "Finalizer" daemon [_thread_blocked, id=2628, stack(0x000000ecc1a00000,0x000000ecc1b00000)]
  0x00000251d468f000 JavaThread "Reference Handler" daemon [_thread_blocked, id=15364, stack(0x000000ecc1900000,0x000000ecc1a00000)]
  0x00000251b9b5c000 JavaThread "main" [_thread_in_native, id=16120, stack(0x000000ecc0f00000,0x000000ecc1000000)]

Other Threads:
  0x00000251d4665800 VMThread [stack: 0x000000ecc1800000,0x000000ecc1900000] [id=3808]
  0x00000251d6542000 WatcherThread [stack: 0x000000ecc2300000,0x000000ecc2400000] [id=26872]

VM state:not at safepoint (normal execution)

VM Mutex/Monitor currently owned by a thread: None

heap address: 0x00000006c2800000, size: 4056 MB, Compressed Oops mode: Zero based, Oop shift amount: 3
Narrow klass base: 0x0000000000000000, Narrow klass shift: 3
Compressed class space size: 1073741824 Address: 0x00000007c0000000

Heap:
 PSYoungGen      total 75776K, used 74008K [0x000000076b800000, 0x0000000770c80000, 0x00000007c0000000)
  eden space 65024K, 99% used [0x000000076b800000,0x000000076f6e6438,0x000000076f780000)
  from space 10752K, 89% used [0x000000076f780000,0x00000007700dfec8,0x0000000770200000)
  to   space 10752K, 0% used [0x0000000770200000,0x0000000770200000,0x0000000770c80000)
 ParOldGen       total 173568K, used 16K [0x00000006c2800000, 0x00000006cd180000, 0x000000076b800000)
  object space 173568K, 0% used [0x00000006c2800000,0x00000006c2804000,0x00000006cd180000)
 Metaspace       used 16837K, capacity 17210K, committed 17536K, reserved 1064960K
  class space    used 1991K, capacity 2114K, committed 2176K, reserved 1048576K

Card table byte_map: [0x00000251ca950000,0x00000251cb140000] byte_map_base: 0x00000251c733c000

Marking Bits: (ParMarkBitMap*) 0x0000000061e58480
 Begin Bits: [0x00000251cb690000, 0x00000251cf5f0000)
 End Bits:   [0x00000251cf5f0000, 0x00000251d3550000)

Polling page: 0x00000251b9c60000

CodeCache: size=245760Kb used=8103Kb max_used=8103Kb free=237656Kb
 bounds [0x00000251bb590000, 0x00000251bbd90000, 0x00000251ca590000]
 total_blobs=2828 nmethods=2455 adapters=284
 compilation: enabled

Compilation events (10 events):
Event: 3.052 Thread 0x00000251d64b6800 2449       1       org.eclipse.sisu.plexus.ComponentImpl::description (5 bytes)
Event: 3.052 Thread 0x00000251d64b6800 nmethod 2449 0x00000251bbd77ed0 code [0x00000251bbd78020, 0x00000251bbd78138]
Event: 3.053 Thread 0x00000251d64b6800 2452       3       java.net.URL::isValidProtocol (78 bytes)
Event: 3.054 Thread 0x00000251d64b6800 nmethod 2452 0x00000251bbd78190 code [0x00000251bbd783e0, 0x00000251bbd791e0]
Event: 3.054 Thread 0x00000251d64b6800 2453       1       java.net.JarURLConnection::getEntryName (5 bytes)
Event: 3.054 Thread 0x00000251d64b6800 nmethod 2453 0x00000251bbd79950 code [0x00000251bbd79aa0, 0x00000251bbd79bb8]
Event: 3.055 Thread 0x00000251d64b6800 2454       3       com.google.common.collect.ImmutableSet::asList (23 bytes)
Event: 3.055 Thread 0x00000251d64b6800 nmethod 2454 0x00000251bbd79c10 code [0x00000251bbd79d80, 0x00000251bbd7a030]
Event: 3.057 Thread 0x00000251d64b6800 2455   !   3       java.net.URL::<init> (543 bytes)
Event: 3.061 Thread 0x00000251d64b6800 nmethod 2455 0x00000251bbd7a0d0 code [0x00000251bbd7a5a0, 0x00000251bbd7d900]

GC Heap History (2 events):
Event: 1.826 GC heap before
{Heap before GC invocations=1 (full 0):
 PSYoungGen      total 75776K, used 65024K [0x000000076b800000, 0x0000000770c80000, 0x00000007c0000000)
  eden space 65024K, 100% used [0x000000076b800000,0x000000076f780000,0x000000076f780000)
  from space 10752K, 0% used [0x0000000770200000,0x0000000770200000,0x0000000770c80000)
  to   space 10752K, 0% used [0x000000076f780000,0x000000076f780000,0x0000000770200000)
 ParOldGen       total 173568K, used 0K [0x00000006c2800000, 0x00000006cd180000, 0x000000076b800000)
  object space 173568K, 0% used [0x00000006c2800000,0x00000006c2800000,0x00000006cd180000)
 Metaspace       used 11738K, capacity 12014K, committed 12288K, reserved 1060864K
  class space    used 1406K, capacity 1510K, committed 1536K, reserved 1048576K
Event: 1.837 GC heap after
Heap after GC invocations=1 (full 0):
 PSYoungGen      total 75776K, used 9599K [0x000000076b800000, 0x0000000770c80000, 0x00000007c0000000)
  eden space 65024K, 0% used [0x000000076b800000,0x000000076b800000,0x000000076f780000)
  from space 10752K, 89% used [0x000000076f780000,0x00000007700dfec8,0x0000000770200000)
  to   space 10752K, 0% used [0x0000000770200000,0x0000000770200000,0x0000000770c80000)
 ParOldGen       total 173568K, used 16K [0x00000006c2800000, 0x00000006cd180000, 0x000000076b800000)
  object space 173568K, 0% used [0x00000006c2800000,0x00000006c2804000,0x00000006cd180000)
 Metaspace       used 11738K, capacity 12014K, committed 12288K, reserved 1060864K
  class space    used 1406K, capacity 1510K, committed 1536K, reserved 1048576K
}

Deoptimization events (10 events):
Event: 2.373 Thread 0x00000251b9b5c000 Uncommon trap: reason=unstable_if action=reinterpret pc=0x00000251bb794da4 method=java.lang.String.replace(CC)Ljava/lang/String; @ 2
Event: 2.552 Thread 0x00000251b9b5c000 Uncommon trap: reason=unstable_if action=reinterpret pc=0x00000251bbbac1d4 method=org.codehaus.plexus.util.xml.pull.MXParser.nextImpl()I @ 1161
Event: 2.624 Thread 0x00000251b9b5c000 Uncommon trap: reason=unstable_if action=reinterpret pc=0x00000251bbbf1e44 method=org.codehaus.plexus.util.xml.pull.MXParser.nextImpl()I @ 972
Event: 2.651 Thread 0x00000251b9b5c000 Uncommon trap: reason=null_check action=make_not_entrant pc=0x00000251bbc0f758 method=org.apache.maven.model.io.xpp3.MavenXpp3Reader.checkFieldWithDuplicate(Lorg/codehaus/plexus/util/xml/pull/XmlPullParser;Ljava/lang/String;Ljava/lang/String;Ljava/util/Se
Event: 2.771 Thread 0x00000251b9b5c000 Uncommon trap: reason=unstable_if action=reinterpret pc=0x00000251bb9abe28 method=java.util.HashMap.hash(Ljava/lang/Object;)I @ 1
Event: 2.772 Thread 0x00000251b9b5c000 Uncommon trap: reason=unstable_if action=reinterpret pc=0x00000251bb914c28 method=java.util.HashMap.hash(Ljava/lang/Object;)I @ 1
Event: 2.772 Thread 0x00000251b9b5c000 Uncommon trap: reason=unstable_if action=reinterpret pc=0x00000251bb986b90 method=java.util.HashMap.getNode(ILjava/lang/Object;)Ljava/util/HashMap$Node; @ 53
Event: 3.038 Thread 0x00000251b9b5c000 Uncommon trap: reason=unstable_if action=reinterpret pc=0x00000251bbb7edf4 method=sun.net.www.protocol.jar.Handler.parseURL(Ljava/net/URL;Ljava/lang/String;II)V @ 116
Event: 3.055 Thread 0x00000251b9b5c000 Uncommon trap: reason=class_check action=maybe_recompile pc=0x00000251bbad178c method=com.google.inject.internal.LinkedBindingImpl.acceptTargetVisitor(Lcom/google/inject/spi/BindingTargetVisitor;)Ljava/lang/Object; @ 2
Event: 3.055 Thread 0x00000251b9b5c000 Uncommon trap: reason=class_check action=maybe_recompile pc=0x00000251bbad178c method=com.google.inject.internal.LinkedBindingImpl.acceptTargetVisitor(Lcom/google/inject/spi/BindingTargetVisitor;)Ljava/lang/Object; @ 2

Classes redefined (0 events):
No events

Internal exceptions (10 events):
Event: 0.194 Thread 0x00000251b9b5c000 Exception <a 'java/security/PrivilegedActionException'> (0x000000076bed8fb8) thrown at [C:\jenkins\workspace\Zulu\zulu-platform-build\50121\zulu-src.git\hotspot\src\share\vm\prims\jvm.cpp, line 1514]
Event: 0.194 Thread 0x00000251b9b5c000 Exception <a 'java/security/PrivilegedActionException'> (0x000000076bedb718) thrown at [C:\jenkins\workspace\Zulu\zulu-platform-build\50121\zulu-src.git\hotspot\src\share\vm\prims\jvm.cpp, line 1514]
Event: 0.194 Thread 0x00000251b9b5c000 Exception <a 'java/security/PrivilegedActionException'> (0x000000076bedbb10) thrown at [C:\jenkins\workspace\Zulu\zulu-platform-build\50121\zulu-src.git\hotspot\src\share\vm\prims\jvm.cpp, line 1514]
Event: 2.094 Thread 0x00000251b9b5c000 Exception <a 'java/lang/NoClassDefFoundError': com/google/inject/servlet/ServletModuleTargetVisitor> (0x000000076ccc44b0) thrown at [C:\jenkins\workspace\Zulu\zulu-platform-build\50121\zulu-src.git\hotspot\src\share\vm\classfile\systemDictionary.cpp, line
Event: 2.094 Thread 0x00000251b9b5c000 Exception <a 'java/lang/NoClassDefFoundError'> (0x000000076ccc44b0) thrown at [C:\jenkins\workspace\Zulu\zulu-platform-build\50121\zulu-src.git\hotspot\src\share\vm\prims\jvm.cpp, line 1518]
Event: 2.094 Thread 0x00000251b9b5c000 Exception <a 'java/lang/NoClassDefFoundError': javax/annotation/Priority> (0x000000076ccc9310) thrown at [C:\jenkins\workspace\Zulu\zulu-platform-build\50121\zulu-src.git\hotspot\src\share\vm\classfile\systemDictionary.cpp, line 209]
Event: 2.187 Thread 0x00000251b9b5c000 Implicit null exception at 0x00000251bb77975b to 0x00000251bb77982d
Event: 2.651 Thread 0x00000251b9b5c000 Implicit null exception at 0x00000251bbc0e3f1 to 0x00000251bbc0f741
Event: 2.771 Thread 0x00000251b9b5c000 Implicit null exception at 0x00000251bb9abc15 to 0x00000251bb9abe19
Event: 2.772 Thread 0x00000251b9b5c000 Implicit null exception at 0x00000251bb914baf to 0x00000251bb914c19

Events (10 events):
Event: 3.060 loading class org/codehaus/plexus/component/repository/exception/ComponentLookupException
Event: 3.060 loading class org/codehaus/plexus/component/repository/exception/ComponentLookupException done
Event: 3.060 loading class org/codehaus/plexus/component/repository/exception/ComponentLookupException
Event: 3.060 loading class org/codehaus/plexus/component/repository/exception/ComponentLookupException done
Event: 3.062 loading class org/apache/maven/shared/filtering/MavenFilteringException
Event: 3.062 loading class org/apache/maven/shared/filtering/MavenFilteringException done
Event: 3.062 loading class org/apache/maven/shared/filtering/MavenFilteringException
Event: 3.062 loading class org/apache/maven/shared/filtering/MavenFilteringException done
Event: 3.062 loading class org/apache/maven/project/MavenProject
Event: 3.062 loading class org/apache/maven/project/MavenProject done


Dynamic libraries:
0x00007ff678c20000 - 0x00007ff678c70000 	D:\JDK1.8\bin\java.exe
0x00007ff8d9cd0000 - 0x00007ff8d9ee7000 	C:\WINDOWS\SYSTEM32\ntdll.dll
0x00007ff8d8300000 - 0x00007ff8d83c4000 	C:\WINDOWS\System32\KERNEL32.DLL
0x00007ff8d7560000 - 0x00007ff8d7933000 	C:\WINDOWS\System32\KERNELBASE.dll
0x00007ff8d92f0000 - 0x00007ff8d93a1000 	C:\WINDOWS\System32\ADVAPI32.dll
0x00007ff8d9120000 - 0x00007ff8d91c7000 	C:\WINDOWS\System32\msvcrt.dll
0x00007ff8d83d0000 - 0x00007ff8d8478000 	C:\WINDOWS\System32\sechost.dll
0x00007ff8d73f0000 - 0x00007ff8d7418000 	C:\WINDOWS\System32\bcrypt.dll
0x00007ff8d9430000 - 0x00007ff8d9544000 	C:\WINDOWS\System32\RPCRT4.dll
0x00007ff8d9ad0000 - 0x00007ff8d9c81000 	C:\WINDOWS\System32\USER32.dll
0x00007ff8d7940000 - 0x00007ff8d7966000 	C:\WINDOWS\System32\win32u.dll
0x00007ff8d9550000 - 0x00007ff8d9579000 	C:\WINDOWS\System32\GDI32.dll
0x00007ff8d72d0000 - 0x00007ff8d73eb000 	C:\WINDOWS\System32\gdi32full.dll
0x00007ff8d71b0000 - 0x00007ff8d724a000 	C:\WINDOWS\System32\msvcp_win.dll
0x00007ff8d7090000 - 0x00007ff8d71a1000 	C:\WINDOWS\System32\ucrtbase.dll
0x00007ff8bf020000 - 0x00007ff8bf2b8000 	C:\WINDOWS\WinSxS\amd64_microsoft.windows.common-controls_6595b64144ccf1df_6.0.22621.5124_none_270e8f4f7386d69d\COMCTL32.dll
0x00007ff8d82c0000 - 0x00007ff8d82f1000 	C:\WINDOWS\System32\IMM32.DLL
0x00007ff8cf190000 - 0x00007ff8cf1a5000 	D:\JDK1.8\jre\bin\vcruntime140.dll
0x00007ff8927e0000 - 0x00007ff89287b000 	D:\JDK1.8\jre\bin\msvcp140.dll
0x0000000061660000 - 0x0000000061ed3000 	D:\JDK1.8\jre\bin\server\jvm.dll
0x00007ff8d96d0000 - 0x00007ff8d96d8000 	C:\WINDOWS\System32\PSAPI.DLL
0x00007ff8d22b0000 - 0x00007ff8d22ba000 	C:\WINDOWS\SYSTEM32\VERSION.dll
0x00007ff8d1990000 - 0x00007ff8d19c4000 	C:\WINDOWS\SYSTEM32\WINMM.dll
0x00007ff82d400000 - 0x00007ff82d409000 	C:\WINDOWS\SYSTEM32\WSOCK32.dll
0x00007ff8d80d0000 - 0x00007ff8d8141000 	C:\WINDOWS\System32\WS2_32.dll
0x00007ff8d5f00000 - 0x00007ff8d5f18000 	C:\WINDOWS\SYSTEM32\kernel.appcore.dll
0x00007ff8d08b0000 - 0x00007ff8d08c0000 	D:\JDK1.8\jre\bin\verify.dll
0x00007ff8ce2d0000 - 0x00007ff8ce2fb000 	D:\JDK1.8\jre\bin\java.dll
0x00007ff8afc50000 - 0x00007ff8afc89000 	D:\JDK1.8\jre\bin\instrument.dll
0x00007ff8ce410000 - 0x00007ff8ce428000 	D:\JDK1.8\jre\bin\zip.dll
0x00007ff8d8810000 - 0x00007ff8d90a6000 	C:\WINDOWS\System32\SHELL32.dll
0x00007ff8d6f50000 - 0x00007ff8d708f000 	C:\WINDOWS\System32\wintypes.dll
0x00007ff8d96e0000 - 0x00007ff8d9a72000 	C:\WINDOWS\System32\combase.dll
0x00007ff8d4d10000 - 0x00007ff8d562a000 	C:\WINDOWS\SYSTEM32\windows.storage.dll
0x00007ff8d7970000 - 0x00007ff8d7a7a000 	C:\WINDOWS\System32\SHCORE.dll
0x00007ff8d9660000 - 0x00007ff8d96c3000 	C:\WINDOWS\System32\shlwapi.dll
0x00007ff8d6d10000 - 0x00007ff8d6d3b000 	C:\WINDOWS\SYSTEM32\profapi.dll
0x00007ff8b7530000 - 0x00007ff8b754a000 	D:\IntelliJ IDEA 2021.3.2\bin\breakgen64.dll
0x00007ff8b6050000 - 0x00007ff8b606c000 	D:\JDK1.8\jre\bin\net.dll
0x00007ff8d6380000 - 0x00007ff8d63ea000 	C:\WINDOWS\system32\mswsock.dll
0x00007ff8d65d0000 - 0x00007ff8d65eb000 	C:\WINDOWS\SYSTEM32\CRYPTSP.dll
0x00007ff8d5e60000 - 0x00007ff8d5e97000 	C:\WINDOWS\system32\rsaenh.dll
0x00007ff8d6470000 - 0x00007ff8d6498000 	C:\WINDOWS\SYSTEM32\USERENV.dll
0x00007ff8d7250000 - 0x00007ff8d72cb000 	C:\WINDOWS\System32\bcryptprimitives.dll
0x00007ff8d65f0000 - 0x00007ff8d65fc000 	C:\WINDOWS\SYSTEM32\CRYPTBASE.dll
0x00007ff8d5900000 - 0x00007ff8d592d000 	C:\WINDOWS\SYSTEM32\IPHLPAPI.DLL
0x00007ff8d91d0000 - 0x00007ff8d91d9000 	C:\WINDOWS\System32\NSI.dll
0x00007ff8d1970000 - 0x00007ff8d1989000 	C:\WINDOWS\SYSTEM32\dhcpcsvc6.DLL
0x00007ff8d1800000 - 0x00007ff8d181f000 	C:\WINDOWS\SYSTEM32\dhcpcsvc.DLL
0x00007ff8d5970000 - 0x00007ff8d5a72000 	C:\WINDOWS\SYSTEM32\DNSAPI.dll
0x00007ff8b4850000 - 0x00007ff8b4863000 	D:\JDK1.8\jre\bin\nio.dll
0x00007ff8d0860000 - 0x00007ff8d086a000 	C:\Users\Hasee\AppData\Local\Temp\jansi-1.17.1-5853656381856914902.dll
0x00007ff8cf4f0000 - 0x00007ff8cf4fa000 	C:\Users\Hasee\AppData\Local\Temp\jansi-1.17.1-8846887843151847757.dll

VM Arguments:
jvm_args: -Dmaven.multiModuleProjectDirectory=D:\Kenshi -Dmaven.home=D:\IntelliJ IDEA 2021.3.2\plugins\maven\lib\maven3 -Dclassworlds.conf=D:\IntelliJ IDEA 2021.3.2\plugins\maven\lib\maven3\bin\m2.conf -Dmaven.ext.class.path=D:\IntelliJ IDEA 2021.3.2\plugins\maven\lib\maven-event-listener.jar -javaagent:D:\IntelliJ IDEA 2021.3.2\lib\idea_rt.jar=64669:D:\IntelliJ IDEA 2021.3.2\bin -Dfile.encoding=UTF-8 
java_command: org.codehaus.classworlds.Launcher -Didea.version=2021.3.2 package
java_class_path (initial): D:\IntelliJ IDEA 2021.3.2\plugins\maven\lib\maven3\boot\plexus-classworlds-2.6.0.jar;D:\IntelliJ IDEA 2021.3.2\plugins\maven\lib\maven3\boot\plexus-classworlds.license;D:\IntelliJ IDEA 2021.3.2\lib\idea_rt.jar
Launcher Type: SUN_STANDARD

Environment Variables:
JAVA_HOME=D:\JDK1.8
PATH=E:\Oculus\Support\oculus-runtime;G:\VMware\bin\;C:\Windows\system32;C:\Windows;C:\Windows\System32\Wbem;C:\Windows\System32\WindowsPowerShell\v1.0\;C:\Windows\System32\OpenSSH\;D:\Bandizip\;C:\Program Files\dotnet\;C:\WINDOWS\system32;C:\WINDOWS;C:\WINDOWS\System32\Wbem;C:\WINDOWS\System32\WindowsPowerShell\v1.0\;C:\WINDOWS\System32\OpenSSH\;D:\Git\cmd;D:\WeChatDevelopment\dll;D:\MySQL\MySQL Server 5.7\bin;D:\XFTP\;C:\Program Files\Common Files\Autodesk Shared\;C:\Program Files\Microsoft SQL Server\120\Tools\Binn\;F:\ChatWaifuL2D\ffmpeg-n4.4-latest-win64-gpl-4.4\bin;C:\Program Files (x86)\NVIDIA Corporation\PhysX\Common;D:\Lua5.1;D:\Lua5.1\clibs;C:\WINDOWS\system32;C:\WINDOWS;C:\WINDOWS\System32\Wbem;C:\WINDOWS\System32\WindowsPowerShell\v1.0\;C:\WINDOWS\System32\OpenSSH\;D:\JDK1.8\bin;D:\JDK1.8\jre\bin;;C:\Program Files\NVIDIA Corporation\NVIDIA app\NvDLISR;D:\Python\Scripts\;D:\Python\;C:\Users\Hasee\AppData\Local\Microsoft\WindowsApps;;D:\IntelliJ IDEA 2021.3.2\bin;D:\Microsoft VS Code\bin;C:\Users\Hasee\.dotnet\tools;D:\MinGW\bin;%USERPROFILE%\AppData\Local\Microsoft\WindowsApps
USERNAME=Hasee
OS=Windows_NT
PROCESSOR_IDENTIFIER=Intel64 Family 6 Model 158 Stepping 10, GenuineIntel



---------------  S Y S T E M  ---------------

OS: Windows 11 , 64 bit Build 22621 (10.0.22621.5124)

CPU:total 8 (initial active 8) (4 cores per cpu, 2 threads per core) family 6 model 158 stepping 10, cmov, cx8, fxsr, mmx, sse, sse2, sse3, ssse3, sse4.1, sse4.2, popcnt, avx, avx2, aes, clmul, erms, 3dnowpref, lzcnt, ht, tsc, tscinvbit, bmi1, bmi2, adx

Memory: 4k page, physical 16607732k(403908k free), swap 41861584k(3296k free)

vm_info: OpenJDK 64-Bit Server VM (25.442-b06) for windows-amd64 JRE (Zulu 8.84.0.15-CA-win64) (1.8.0_442-b06), built on Jan  7 2025 14:34:28 by "zulu_re" with MS VC++ 15.9 (VS2017)

time: Tue May 13 21:51:16 2025
timezone: Intel64 Family 6 Model 158 Stepping 10, GenuineIntel
elapsed time: 3.076833 seconds (0d 0h 0m 3s)

